  Γû▓ Next.js 15.0.0

   Creating an optimized production build ...
node.exe : Failed to compile.
At C:\Program Files\nodejs\npx.ps1:29 char:3
+   & $NODE_EXE $NPX_CLI_JS $args
+   ~~~~~~~~~~~~~~~~~~~~~~~~~~~~~
    + CategoryInfo          : NotSpecified: (Failed to compile.:String) [], RemoteException
    + FullyQualifiedErrorId : NativeCommandError
 

./src/app/globals.css.webpack[javascript/auto]!=!./node_modules/next/dist/build/webpack/loaders/css-loader/src/index.js
??ruleSet[1].rules[13].oneOf[10].use[2]!./node_modules/next/dist/build/webpack/loaders/postcss-loader/src/index.js??rul
eSet[1].rules[13].oneOf[10].use[3]!./src/app/globals.css
Error: Cannot find module 'autoprefixer'
Require stack:
- C:\Users\Shazna 
Salman\Downloads\pos-system\pos-system\node_modules\next\dist\build\webpack\config\blocks\css\plugins.js
- C:\Users\Shazna 
Salman\Downloads\pos-system\pos-system\node_modules\next\dist\build\webpack\config\blocks\css\index.js
- C:\Users\Shazna Salman\Downloads\pos-system\pos-system\node_modules\next\dist\build\webpack\config\index.js
- C:\Users\Shazna Salman\Downloads\pos-system\pos-system\node_modules\next\dist\build\webpack-config.js
- C:\Users\Shazna Salman\Downloads\pos-system\pos-system\node_modules\next\dist\build\webpack-build\impl.js
- C:\Users\Shazna Salman\Downloads\pos-system\pos-system\node_modules\next\dist\compiled\jest-worker\processChild.js
    at Function.<anonymous> (node:internal/modules/cjs/loader:1401:15)
    at C:\Users\Shazna Salman\Downloads\pos-system\pos-system\node_modules\next\dist\server\require-hook.js:55:36
    at Function.resolve (node:internal/modules/helpers:145:19)
    at loadPlugin (C:\Users\Shazna 
Salman\Downloads\pos-system\pos-system\node_modules\next\dist\build\webpack\config\blocks\css\plugins.js:49:32)
    at C:\Users\Shazna 
Salman\Downloads\pos-system\pos-system\node_modules\next\dist\build\webpack\config\blocks\css\plugins.js:157:56
    at Array.map (<anonymous>)
    at getPostCssPlugins (C:\Users\Shazna 
Salman\Downloads\pos-system\pos-system\node_modules\next\dist\build\webpack\config\blocks\css\plugins.js:157:47)
    at async C:\Users\Shazna 
Salman\Downloads\pos-system\pos-system\node_modules\next\dist\build\webpack\config\blocks\css\index.js:124:36
    at async C:\Users\Shazna 
Salman\Downloads\pos-system\pos-system\node_modules\next\dist\build\webpack\loaders\postcss-loader\src\index.js:51:40
    at async Span.traceAsyncFn (C:\Users\Shazna 
Salman\Downloads\pos-system\pos-system\node_modules\next\dist\trace\trace.js:157:20)

Import trace for requested module:
./src/app/globals.css.webpack[javascript/auto]!=!./node_modules/next/dist/build/webpack/loaders/css-loader/src/index.js
??ruleSet[1].rules[13].oneOf[10].use[2]!./node_modules/next/dist/build/webpack/loaders/postcss-loader/src/index.js??rul
eSet[1].rules[13].oneOf[10].use[3]!./src/app/globals.css
./src/app/globals.css

./src/app/globals.css
Error: Cannot find module 'autoprefixer'
Require stack:
- C:\Users\Shazna 
Salman\Downloads\pos-system\pos-system\node_modules\next\dist\build\webpack\config\blocks\css\plugins.js
- C:\Users\Shazna 
Salman\Downloads\pos-system\pos-system\node_modules\next\dist\build\webpack\config\blocks\css\index.js
- C:\Users\Shazna Salman\Downloads\pos-system\pos-system\node_modules\next\dist\build\webpack\config\index.js
- C:\Users\Shazna Salman\Downloads\pos-system\pos-system\node_modules\next\dist\build\webpack-config.js
- C:\Users\Shazna Salman\Downloads\pos-system\pos-system\node_modules\next\dist\build\webpack-build\impl.js
- C:\Users\Shazna Salman\Downloads\pos-system\pos-system\node_modules\next\dist\compiled\jest-worker\processChild.js
    at Function.<anonymous> (node:internal/modules/cjs/loader:1401:15)
    at C:\Users\Shazna Salman\Downloads\pos-system\pos-system\node_modules\next\dist\server\require-hook.js:55:36
    at Function.resolve (node:internal/modules/helpers:145:19)
    at loadPlugin (C:\Users\Shazna 
Salman\Downloads\pos-system\pos-system\node_modules\next\dist\build\webpack\config\blocks\css\plugins.js:49:32)
    at C:\Users\Shazna 
Salman\Downloads\pos-system\pos-system\node_modules\next\dist\build\webpack\config\blocks\css\plugins.js:157:56
    at Array.map (<anonymous>)
    at getPostCssPlugins (C:\Users\Shazna 
Salman\Downloads\pos-system\pos-system\node_modules\next\dist\build\webpack\config\blocks\css\plugins.js:157:47)
    at async C:\Users\Shazna 
Salman\Downloads\pos-system\pos-system\node_modules\next\dist\build\webpack\config\blocks\css\index.js:124:36
    at async C:\Users\Shazna 
Salman\Downloads\pos-system\pos-system\node_modules\next\dist\build\webpack\loaders\postcss-loader\src\index.js:51:40
    at async Span.traceAsyncFn (C:\Users\Shazna 
Salman\Downloads\pos-system\pos-system\node_modules\next\dist\trace\trace.js:157:20)
    at tryRunOrWebpackError (C:\Users\Shazna 
Salman\Downloads\pos-system\pos-system\node_modules\next\dist\compiled\webpack\bundle5.js:28:313010)
    at __webpack_require_module__ (C:\Users\Shazna 
Salman\Downloads\pos-system\pos-system\node_modules\next\dist\compiled\webpack\bundle5.js:28:131165)
    at __nested_webpack_require_153728__ (C:\Users\Shazna 
Salman\Downloads\pos-system\pos-system\node_modules\next\dist\compiled\webpack\bundle5.js:28:130607)
    at C:\Users\Shazna 
Salman\Downloads\pos-system\pos-system\node_modules\next\dist\compiled\webpack\bundle5.js:28:131454
    at symbolIterator (C:\Users\Shazna 
Salman\Downloads\pos-system\pos-system\node_modules\next\dist\compiled\neo-async\async.js:1:14444)
    at done (C:\Users\Shazna 
Salman\Downloads\pos-system\pos-system\node_modules\next\dist\compiled\neo-async\async.js:1:14824)
    at Hook.eval [as callAsync] (eval at create (C:\Users\Shazna 
Salman\Downloads\pos-system\pos-system\node_modules\next\dist\compiled\webpack\bundle5.js:13:28858), <anonymous>:15:1)
    at Hook.CALL_ASYNC_DELEGATE [as _callAsync] (C:\Users\Shazna 
Salman\Downloads\pos-system\pos-system\node_modules\next\dist\compiled\webpack\bundle5.js:13:26012)
    at C:\Users\Shazna 
Salman\Downloads\pos-system\pos-system\node_modules\next\dist\compiled\webpack\bundle5.js:28:130328
    at symbolIterator (C:\Users\Shazna 
Salman\Downloads\pos-system\pos-system\node_modules\next\dist\compiled\neo-async\async.js:1:14402)
-- inner error --
Error: Cannot find module 'autoprefixer'
Require stack:
- C:\Users\Shazna 
Salman\Downloads\pos-system\pos-system\node_modules\next\dist\build\webpack\config\blocks\css\plugins.js
- C:\Users\Shazna 
Salman\Downloads\pos-system\pos-system\node_modules\next\dist\build\webpack\config\blocks\css\index.js
- C:\Users\Shazna Salman\Downloads\pos-system\pos-system\node_modules\next\dist\build\webpack\config\index.js
- C:\Users\Shazna Salman\Downloads\pos-system\pos-system\node_modules\next\dist\build\webpack-config.js
- C:\Users\Shazna Salman\Downloads\pos-system\pos-system\node_modules\next\dist\build\webpack-build\impl.js
- C:\Users\Shazna Salman\Downloads\pos-system\pos-system\node_modules\next\dist\compiled\jest-worker\processChild.js
    at Function.<anonymous> (node:internal/modules/cjs/loader:1401:15)
    at C:\Users\Shazna Salman\Downloads\pos-system\pos-system\node_modules\next\dist\server\require-hook.js:55:36
    at Function.resolve (node:internal/modules/helpers:145:19)
    at loadPlugin (C:\Users\Shazna 
Salman\Downloads\pos-system\pos-system\node_modules\next\dist\build\webpack\config\blocks\css\plugins.js:49:32)
    at C:\Users\Shazna 
Salman\Downloads\pos-system\pos-system\node_modules\next\dist\build\webpack\config\blocks\css\plugins.js:157:56
    at Array.map (<anonymous>)
    at getPostCssPlugins (C:\Users\Shazna 
Salman\Downloads\pos-system\pos-system\node_modules\next\dist\build\webpack\config\blocks\css\plugins.js:157:47)
    at async C:\Users\Shazna 
Salman\Downloads\pos-system\pos-system\node_modules\next\dist\build\webpack\config\blocks\css\index.js:124:36
    at async C:\Users\Shazna 
Salman\Downloads\pos-system\pos-system\node_modules\next\dist\build\webpack\loaders\postcss-loader\src\index.js:51:40
    at async Span.traceAsyncFn (C:\Users\Shazna 
Salman\Downloads\pos-system\pos-system\node_modules\next\dist\trace\trace.js:157:20)
    at Object.<anonymous> (C:\Users\Shazna Salman\Downloads\pos-system\pos-system\node_modules\next\dist\build\webpack\
loaders\css-loader\src\index.js??ruleSet[1].rules[13].oneOf[10].use[2]!C:\Users\Shazna Salman\Downloads\pos-system\pos-
system\node_modules\next\dist\build\webpack\loaders\postcss-loader\src\index.js??ruleSet[1].rules[13].oneOf[10].use[3]!
C:\Users\Shazna Salman\Downloads\pos-system\pos-system\src\app\globals.css:1:7)
    at C:\Users\Shazna 
Salman\Downloads\pos-system\pos-system\node_modules\next\dist\compiled\webpack\bundle5.js:28:922602
    at Hook.eval [as call] (eval at create (C:\Users\Shazna 
Salman\Downloads\pos-system\pos-system\node_modules\next\dist\compiled\webpack\bundle5.js:13:28636), <anonymous>:7:1)
    at Hook.CALL_DELEGATE [as _call] (C:\Users\Shazna 
Salman\Downloads\pos-system\pos-system\node_modules\next\dist\compiled\webpack\bundle5.js:13:25906)
    at C:\Users\Shazna 
Salman\Downloads\pos-system\pos-system\node_modules\next\dist\compiled\webpack\bundle5.js:28:131198
    at tryRunOrWebpackError (C:\Users\Shazna 
Salman\Downloads\pos-system\pos-system\node_modules\next\dist\compiled\webpack\bundle5.js:28:312964)
    at __webpack_require_module__ (C:\Users\Shazna 
Salman\Downloads\pos-system\pos-system\node_modules\next\dist\compiled\webpack\bundle5.js:28:131165)
    at __nested_webpack_require_153728__ (C:\Users\Shazna 
Salman\Downloads\pos-system\pos-system\node_modules\next\dist\compiled\webpack\bundle5.js:28:130607)
    at C:\Users\Shazna 
Salman\Downloads\pos-system\pos-system\node_modules\next\dist\compiled\webpack\bundle5.js:28:131454
    at symbolIterator (C:\Users\Shazna 
Salman\Downloads\pos-system\pos-system\node_modules\next\dist\compiled\neo-async\async.js:1:14444)

Generated code for C:\Users\Shazna Salman\Downloads\pos-system\pos-system\node_modules\next\dist\build\webpack\loaders\
css-loader\src\index.js??ruleSet[1].rules[13].oneOf[10].use[2]!C:\Users\Shazna Salman\Downloads\pos-system\pos-system\n
ode_modules\next\dist\build\webpack\loaders\postcss-loader\src\index.js??ruleSet[1].rules[13].oneOf[10].use[3]!C:\Users
\Shazna Salman\Downloads\pos-system\pos-system\src\app\globals.css

Import trace for requested module:
./src/app/globals.css


> Build failed because of webpack errors
